Archive member included to satisfy reference by file (symbol)

c:/nxp/mcuxpressoide_10.3.1_2233/ide/plugins/com.nxp.mcuxpresso.tools.win32_10.3.0.201811011841/tools/bin/../lib/gcc/arm-none-eabi/7.3.1/../../../../arm-none-eabi/lib/thumb/v6-m\libcr_nohost_nf.a(_cr__main.o)
                              ./startup/startup_mkl25z4.o (__main)
c:/nxp/mcuxpressoide_10.3.1_2233/ide/plugins/com.nxp.mcuxpresso.tools.win32_10.3.0.201811011841/tools/bin/../lib/gcc/arm-none-eabi/7.3.1/../../../../arm-none-eabi/lib/thumb/v6-m\libcr_c.a(memcpy.o)
                              ./drivers/fsl_flash.o (memcpy)
c:/nxp/mcuxpressoide_10.3.1_2233/ide/plugins/com.nxp.mcuxpresso.tools.win32_10.3.0.201811011841/tools/bin/../lib/gcc/arm-none-eabi/7.3.1/../../../../arm-none-eabi/lib/thumb/v6-m\libcr_c.a(memset.o)
                              ./drivers/fsl_flash.o (memset)
c:/nxp/mcuxpressoide_10.3.1_2233/ide/plugins/com.nxp.mcuxpresso.tools.win32_10.3.0.201811011841/tools/bin/../lib/gcc/arm-none-eabi/7.3.1/../../../../arm-none-eabi/lib/thumb/v6-m\libcr_c.a(initio.o)
                              c:/nxp/mcuxpressoide_10.3.1_2233/ide/plugins/com.nxp.mcuxpresso.tools.win32_10.3.0.201811011841/tools/bin/../lib/gcc/arm-none-eabi/7.3.1/../../../../arm-none-eabi/lib/thumb/v6-m\libcr_nohost_nf.a(_cr__main.o) (_initio)
c:/nxp/mcuxpressoide_10.3.1_2233/ide/plugins/com.nxp.mcuxpresso.tools.win32_10.3.0.201811011841/tools/bin/../lib/gcc/arm-none-eabi/7.3.1/../../../../arm-none-eabi/lib/thumb/v6-m\libcr_c.a(setvbuf.o)
                              c:/nxp/mcuxpressoide_10.3.1_2233/ide/plugins/com.nxp.mcuxpresso.tools.win32_10.3.0.201811011841/tools/bin/../lib/gcc/arm-none-eabi/7.3.1/../../../../arm-none-eabi/lib/thumb/v6-m\libcr_c.a(initio.o) (setvbuf)
c:/nxp/mcuxpressoide_10.3.1_2233/ide/plugins/com.nxp.mcuxpresso.tools.win32_10.3.0.201811011841/tools/bin/../lib/gcc/arm-none-eabi/7.3.1/../../../../arm-none-eabi/lib/thumb/v6-m\libcr_c.a(strlen.o)
                              ./utilities/fsl_debug_console.o (strlen)
c:/nxp/mcuxpressoide_10.3.1_2233/ide/plugins/com.nxp.mcuxpresso.tools.win32_10.3.0.201811011841/tools/bin/../lib/gcc/arm-none-eabi/7.3.1/../../../../arm-none-eabi/lib/thumb/v6-m\libcr_c.a(_fdopen.o)
                              c:/nxp/mcuxpressoide_10.3.1_2233/ide/plugins/com.nxp.mcuxpresso.tools.win32_10.3.0.201811011841/tools/bin/../lib/gcc/arm-none-eabi/7.3.1/../../../../arm-none-eabi/lib/thumb/v6-m\libcr_c.a(initio.o) (_fdopen)
c:/nxp/mcuxpressoide_10.3.1_2233/ide/plugins/com.nxp.mcuxpresso.tools.win32_10.3.0.201811011841/tools/bin/../lib/gcc/arm-none-eabi/7.3.1/../../../../arm-none-eabi/lib/thumb/v6-m\libcr_c.a(fclose.o)
                              c:/nxp/mcuxpressoide_10.3.1_2233/ide/plugins/com.nxp.mcuxpresso.tools.win32_10.3.0.201811011841/tools/bin/../lib/gcc/arm-none-eabi/7.3.1/../../../../arm-none-eabi/lib/thumb/v6-m\libcr_c.a(initio.o) (fclose)
c:/nxp/mcuxpressoide_10.3.1_2233/ide/plugins/com.nxp.mcuxpresso.tools.win32_10.3.0.201811011841/tools/bin/../lib/gcc/arm-none-eabi/7.3.1/../../../../arm-none-eabi/lib/thumb/v6-m\libcr_c.a(fflush.o)
                              c:/nxp/mcuxpressoide_10.3.1_2233/ide/plugins/com.nxp.mcuxpresso.tools.win32_10.3.0.201811011841/tools/bin/../lib/gcc/arm-none-eabi/7.3.1/../../../../arm-none-eabi/lib/thumb/v6-m\libcr_c.a(fclose.o) (fflush)
c:/nxp/mcuxpressoide_10.3.1_2233/ide/plugins/com.nxp.mcuxpresso.tools.win32_10.3.0.201811011841/tools/bin/../lib/gcc/arm-none-eabi/7.3.1/../../../../arm-none-eabi/lib/thumb/v6-m\libcr_c.a(fseek.o)
                              c:/nxp/mcuxpressoide_10.3.1_2233/ide/plugins/com.nxp.mcuxpresso.tools.win32_10.3.0.201811011841/tools/bin/../lib/gcc/arm-none-eabi/7.3.1/../../../../arm-none-eabi/lib/thumb/v6-m\libcr_c.a(_fdopen.o) (fseek)
c:/nxp/mcuxpressoide_10.3.1_2233/ide/plugins/com.nxp.mcuxpresso.tools.win32_10.3.0.201811011841/tools/bin/../lib/gcc/arm-none-eabi/7.3.1/../../../../arm-none-eabi/lib/thumb/v6-m\libcr_c.a(ftell.o)
                              c:/nxp/mcuxpressoide_10.3.1_2233/ide/plugins/com.nxp.mcuxpresso.tools.win32_10.3.0.201811011841/tools/bin/../lib/gcc/arm-none-eabi/7.3.1/../../../../arm-none-eabi/lib/thumb/v6-m\libcr_c.a(fseek.o) (ftell)
c:/nxp/mcuxpressoide_10.3.1_2233/ide/plugins/com.nxp.mcuxpresso.tools.win32_10.3.0.201811011841/tools/bin/../lib/gcc/arm-none-eabi/7.3.1/../../../../arm-none-eabi/lib/thumb/v6-m\libcr_c.a(remove.o)
                              c:/nxp/mcuxpressoide_10.3.1_2233/ide/plugins/com.nxp.mcuxpresso.tools.win32_10.3.0.201811011841/tools/bin/../lib/gcc/arm-none-eabi/7.3.1/../../../../arm-none-eabi/lib/thumb/v6-m\libcr_c.a(fclose.o) (remove)
c:/nxp/mcuxpressoide_10.3.1_2233/ide/plugins/com.nxp.mcuxpresso.tools.win32_10.3.0.201811011841/tools/bin/../lib/gcc/arm-none-eabi/7.3.1/../../../../arm-none-eabi/lib/thumb/v6-m\libcr_c.a(_do_fflush.o)
[...]
Memory Configuration

Name             Origin             Length             Attributes
PROGRAM_FLASH    0x00000000         0x00020000         xr
SRAM             0x1ffff000         0x00004000         xrw
*default*        0x00000000         0xffffffff

Linker script and memory map

LOAD ./utilities/fsl_debug_console.o
LOAD ./startup/startup_mkl25z4.o
LOAD ./source/Carrito.o
LOAD ./source/Debouncer.o
LOAD ./source/GPIO_Driver.o
LOAD ./source/PWM_Driver.o
LOAD ./source/Tacometer.o
LOAD ./source/Transmision.o
LOAD ./source/UART0_Driver.o
LOAD ./drivers/fsl_clock.o
LOAD ./drivers/fsl_common.o
LOAD ./drivers/fsl_flash.o
LOAD ./drivers/fsl_gpio.o
LOAD ./drivers/fsl_lpsci.o
LOAD ./drivers/fsl_smc.o
LOAD ./drivers/fsl_uart.o
LOAD ./board/board.o
LOAD ./board/clock_config.o
LOAD ./board/peripherals.o
LOAD ./board/pin_mux.o
LOAD ./CMSIS/system_MKL25Z4.o
START GROUP
LOAD c:/nxp/mcuxpressoide_10.3.1_2233/ide/plugins/com.nxp.mcuxpresso.tools.win32_10.3.0.201811011841/tools/bin/../lib/gcc/arm-none-eabi/7.3.1/../../../../arm-none-eabi/lib/thumb/v6-m\libcr_nohost_nf.a
LOAD c:/nxp/mcuxpressoide_10.3.1_2233/ide/plugins/com.nxp.mcuxpresso.tools.win32_10.3.0.201811011841/tools/bin/../lib/gcc/arm-none-eabi/7.3.1/../../../../arm-none-eabi/lib/thumb/v6-m\libcr_c.a
LOAD c:/nxp/mcuxpressoide_10.3.1_2233/ide/plugins/com.nxp.mcuxpresso.tools.win32_10.3.0.201811011841/tools/bin/../lib/gcc/arm-none-eabi/7.3.1/thumb/v6-m\libcr_eabihelpers.a
LOAD c:/nxp/mcuxpressoide_10.3.1_2233/ide/plugins/com.nxp.mcuxpresso.tools.win32_10.3.0.201811011841/tools/bin/../lib/gcc/arm-none-eabi/7.3.1/thumb/v6-m\libgcc.a
END GROUP
                0x00000000                __base_PROGRAM_FLASH = 0x0
                0x00000000                __base_Flash = 0x0
                0x00020000                __top_PROGRAM_FLASH = 0x20000
                0x00020000                __top_Flash = 0x20000
                0x1ffff000                __base_SRAM = 0x1ffff000
                0x1ffff000                __base_RAM = 0x1ffff000
                0x20003000                __top_SRAM = 0x20003000
                0x20003000                __top_RAM = 0x20003000

.text           0x00000000     0x24d4
 FILL mask 0xff
                0x00000000                __vectors_start__ = ABSOLUTE (.)
 *(SORT_BY_ALIGNMENT(.isr_vector))
 .isr_vector    0x00000000       0xc0 ./startup/startup_mkl25z4.o
                0x00000000                g_pfnVectors
                0x00000000                __Vectors
                0x000000c0                . = ALIGN (0x4)
                0x000000c0                __section_table_start = .
                0x000000c0                __data_section_table = .
                0x000000c0        0x4 LONG 0x24d4 LOADADDR (.data)
                0x000000c4        0x4 LONG 0x1ffff000 ADDR (.data)
                0x000000c8        0x4 LONG 0x8 SIZEOF (.data)
                0x000000cc                __data_section_table_end = .
                0x000000cc                __bss_section_table = .
                0x000000cc        0x4 LONG 0x1ffff008 ADDR (.bss)
                0x000000d0        0x4 LONG 0x10c SIZEOF (.bss)
                0x000000d4                __bss_section_table_end = .
                0x000000d4                __section_table_end = .
 *(SORT_BY_ALIGNMENT(.after_vectors*))
 .after_vectors.reset
                0x000000d4       0x4c ./startup/startup_mkl25z4.o
                0x000000d4                ResetISR
 .after_vectors.init_data
                0x00000120       0x16 ./startup/startup_mkl25z4.o
                0x00000120                data_init
 .after_vectors.init_bss
                0x00000136       0x12 ./startup/startup_mkl25z4.o
                0x00000136                bss_init
 .after_vectors
                0x00000148      0x10c ./startup/startup_mkl25z4.o
                0x00000148                NMI_Handler
                0x0000014a                HardFault_Handler
                0x0000014c                SVC_Handler
                0x0000014e                PendSV_Handler
                0x00000150                SysTick_Handler
                0x00000152                LPTMR0_DriverIRQHandler
                0x00000152                Reserved39_DriverIRQHandler
                0x00000152                I2C0_DriverIRQHandler
                0x00000152                SPI1_DriverIRQHandler
                0x00000152                DMA0_DriverIRQHandler
                0x00000152                PORTD_DriverIRQHandler
                0x00000152                DMA2_DriverIRQHandler
                0x00000152                CMP0_DriverIRQHandler
                0x00000152                TPM2_DriverIRQHandler
                0x00000152                ADC0_DriverIRQHandler
                0x00000152                SPI0_DriverIRQHandler
                0x00000152                TSI0_DriverIRQHandler
                0x00000152                RTC_Seconds_DriverIRQHandler
                0x00000152                I2C1_DriverIRQHandler
                0x00000152                DMA3_DriverIRQHandler
                0x00000152                LLWU_DriverIRQHandler
                0x00000152                MCG_DriverIRQHandler
                0x00000152                DMA1_DriverIRQHandler
                0x00000152                PIT_DriverIRQHandler
                0x00000152                RTC_DriverIRQHandler
                0x00000152                FTFA_DriverIRQHandler
                0x00000152                IntDefaultHandler
                0x00000152                USB0_DriverIRQHandler
                0x00000152                DAC0_DriverIRQHandler
                0x00000152                TPM1_DriverIRQHandler
                0x00000152                LVD_LVW_DriverIRQHandler
                0x00000152                TPM0_DriverIRQHandler
                0x00000152                PORTA_DriverIRQHandler
                0x00000152                Reserved20_DriverIRQHandler
                0x00000152                Reserved45_DriverIRQHandler
                0x00000154                DMA0_IRQHandler
                0x0000015c                DMA1_IRQHandler
                0x00000164                DMA2_IRQHandler
                0x0000016c                DMA3_IRQHandler
                0x00000174                Reserved20_IRQHandler
                0x0000017c                FTFA_IRQHandler
                0x00000184                LVD_LVW_IRQHandler
                0x0000018c                LLWU_IRQHandler
                0x00000194                I2C0_IRQHandler
                0x0000019c                I2C1_IRQHandler
                0x000001a4                SPI0_IRQHandler
                0x000001ac                SPI1_IRQHandler
                0x000001b4                UART0_IRQHandler
                0x000001bc                UART1_IRQHandler
                0x000001c4                UART2_IRQHandler
                0x000001cc                ADC0_IRQHandler
                0x000001d4                CMP0_IRQHandler
                0x000001dc                TPM0_IRQHandler
                0x000001e4                TPM1_IRQHandler
                0x000001ec                TPM2_IRQHandler
                0x000001f4                RTC_IRQHandler
                0x000001fc                RTC_Seconds_IRQHandler
                0x00000204                PIT_IRQHandler
                0x0000020c                Reserved39_IRQHandler
                0x00000214                USB0_IRQHandler
                0x0000021c                DAC0_IRQHandler
                0x00000224                TSI0_IRQHandler
                0x0000022c                MCG_IRQHandler
                0x00000234                LPTMR0_IRQHandler
                0x0000023c                Reserved45_IRQHandler
                0x00000244                PORTA_IRQHandler
                0x0000024c                PORTD_IRQHandler
                0x00000400                . = 0x400
 *fill*         0x00000254      0x1ac ff
                0x00000400                PROVIDE (__FLASH_CONFIG_START__ = .)
 *(SORT_BY_ALIGNMENT(.FlashConfig))
 .FlashConfig   0x00000400       0x10 ./startup/startup_mkl25z4.o
                0x00000400                Flash_Config
                0x00000410                PROVIDE (__FLASH_CONFIG_END__ = .)
                0x00000001                ASSERT (! ((__FLASH_CONFIG_START__ == __FLASH_CONFIG_END__)), Linker Flash Config Support Enabled, but no .FlashConfig section provided within application)
 *(SORT_BY_ALIGNMENT(.text*))
 .text.main     0x00000410      0x13c ./source/Carrito.o
                0x00000410                main
 .text.DriveState
                0x0000054c       0x14 ./source/Carrito.o
                0x0000054c                DriveState
 .text.DriveReverseState
                0x00000560       0x14 ./source/Carrito.o
                0x00000560                DriveReverseState
 .text.ParkingState
                0x00000574       0x14 ./source/Carrito.o
                0x00000574                ParkingState
 .text.Debouncer
                0x00000588      0x158 ./source/Debouncer.o
                0x00000588                Debouncer
 .text.True     0x000006e0       0x4c ./source/Debouncer.o
                0x000006e0                True
 .text.UNO_Constante
                0x0000072c       0x2c ./source/Debouncer.o
                0x0000072c                UNO_Constante
 .text.Clean    0x00000758       0x90 ./source/Debouncer.o
                0x00000758                Clean
 .text.GPIOS    0x000007e8      0x234 ./source/GPIO_Driver.o
                0x000007e8                GPIOS
 .text.VEINTE_mSEGUNDOS
                0x00000a1c       0x2c ./source/GPIO_Driver.o
                0x00000a1c                VEINTE_mSEGUNDOS
 .text.DisplayOn
                0x00000a48       0x7c ./source/GPIO_Driver.o
                0x00000a48                DisplayOn
 .text.ClearGPIOS
                0x00000ac4       0x40 ./source/GPIO_Driver.o
                0x00000ac4                ClearGPIOS
 .text.SegmentosOn
                0x00000b04      0x2e8 ./source/GPIO_Driver.o
                0x00000b04                SegmentosOn
 .text.ReadPinGpio
                0x00000dec       0x34 ./source/GPIO_Driver.o
                0x00000dec                ReadPinGpio
 .text.SegmentosOn_Estados_Up
                0x00000e20      0x17c ./source/GPIO_Driver.o
                0x00000e20                SegmentosOn_Estados_Up
 .text.PWM_Init
                0x00000f9c       0xb0 ./source/PWM_Driver.o
                0x00000f9c                PWM_Init
 .text.PWM_Acelerator
                0x0000104c       0x1c ./source/PWM_Driver.o
                0x0000104c                PWM_Acelerator
 .text.Tacometer_vfnSpeedUp
                0x00001068       0x78 ./source/Tacometer.o
                0x00001068                Tacometer_vfnSpeedUp
 .text.Tacometer_vfnSpeedDown
                0x000010e0       0x78 ./source/Tacometer.o
                0x000010e0                Tacometer_vfnSpeedDown
 .text.Barrido  0x00001158       0xc0 ./source/Tacometer.o
                0x00001158                Barrido
 .text.Transmision_vfnParking
                0x00001218       0x4c ./source/Transmision.o
                0x00001218                Transmision_vfnParking
 .text.Transmision_vfnDrive
                0x00001264       0xf8 ./source/Transmision.o
                0x00001264                Transmision_vfnDrive
 .text.Transmision_vfnReverse
                0x0000135c       0x78 ./source/Transmision.o
                0x0000135c                Transmision_vfnReverse
 .text.SpeedUp  0x000013d4       0x80 ./source/Transmision.o
                0x000013d4                SpeedUp
 .text.SpeedUp2
                0x00001454       0x70 ./source/Transmision.o
                0x00001454                SpeedUp2
 .text.SpeedUp1
                0x000014c4       0x20 ./source/Transmision.o
                0x000014c4                SpeedUp1
 .text.SpeedUpReverse
                0x000014e4       0x7c ./source/Transmision.o
                0x000014e4                SpeedUpReverse
 .text.SpeedDown
                0x00001560       0x9c ./source/Transmision.o
                0x00001560                SpeedDown
 .text.SpeedReverse
                0x000015fc       0x50 ./source/Transmision.o
                0x000015fc                SpeedReverse
 .text.GEAR_UP  0x0000164c       0x34 ./source/Transmision.o
                0x0000164c                GEAR_UP
 .text.GEAR_DOWN
                0x00001680       0x3c ./source/Transmision.o
                0x00001680                GEAR_DOWN
 .text.Clutch   0x000016bc       0x4c ./source/Transmision.o
                0x000016bc                Clutch
 .text.ALV_Bottones_Up
                0x00001708       0xec ./source/Transmision.o
                0x00001708                ALV_Bottones_Up
 .text.ALV_Bottones_Down
                0x000017f4       0xec ./source/Transmision.o
                0x000017f4                ALV_Bottones_Down
 .text.UART0_Init
                0x000018e0       0xb0 ./source/UART0_Driver.o
                0x000018e0                UART0_Init
 .text.UART_Reciver
                0x00001990      0x134 ./source/UART0_Driver.o
                0x00001990                UART_Reciver
 .text.UART_Transmitter
                0x00001ac4       0x3c ./source/UART0_Driver.o
                0x00001ac4                UART_Transmitter
 .text.Imprimir_Numeros_UART
                0x00001b00       0xe4 ./source/UART0_Driver.o
                0x00001b00                Imprimir_Numeros_UART
 .text.Imprimir_Letras_UART0
                0x00001be4      0x2c4 ./source/UART0_Driver.o
                0x00001be4                Imprimir_Letras_UART0
 .text.UART0_DriverIRQHandler
                0x00001ea8       0x24 ./drivers/fsl_lpsci.o
                0x00001ea8                UART0_DriverIRQHandler
 .text.UART1_DriverIRQHandler
                0x00001ecc       0x24 ./drivers/fsl_uart.o
                0x00001ecc                UART1_DriverIRQHandler
 .text.UART2_DriverIRQHandler
                0x00001ef0       0x24 ./drivers/fsl_uart.o
                0x00001ef0                UART2_DriverIRQHandler
 .text.SystemInit
                0x00001f14       0x18 ./CMSIS/system_MKL25Z4.o
                0x00001f14                SystemInit
 .text._initio  0x00001f2c       0x7c c:/nxp/mcuxpressoide_10.3.1_2233/ide/plugins/com.nxp.mcuxpresso.tools.win32_10.3.0.201811011841/tools/bin/../lib/gcc/arm-none-eabi/7.3.1/../../../../arm-none-eabi/lib/thumb/v6-m\libcr_c.a(initio.o)
                0x00001f2c                _initio
 .text.setvbuf  0x00001fa8       0x48 c:/nxp/mcuxpressoide_10.3.1_2233/ide/plugins/com.nxp.mcuxpresso.tools.win32_10.3.0.201811011841/tools/bin/../lib/gcc/arm-none-eabi/7.3.1/../../../../arm-none-eabi/lib/thumb/v6-m\libcr_c.a(setvbuf.o)
                0x00001fa8                setvbuf
 .text.strlen   0x00001ff0       0x58 c:/nxp/mcuxpressoide_10.3.1_2233/ide/plugins/com.nxp.mcuxpresso.tools.win32_10.3.0.201811011841/tools/bin/../lib/gcc/arm-none-eabi/7.3.1/../../../../arm-none-eabi/lib/thumb/v6-m\libcr_c.a(strlen.o)
                0x00001ff0                strlen
 .text._fdopen  0x00002048       0x74 c:/nxp/mcuxpressoide_10.3.1_2233/ide/plugins/com.nxp.mcuxpresso.tools.win32_10.3.0.201811011841/tools/bin/../lib/gcc/arm-none-eabi/7.3.1/../../../../arm-none-eabi/lib/thumb/v6-m\libcr_c.a(_fdopen.o)
                0x00002048                _fdopen
 .text.fclose   0x000020bc       0x5c c:/nxp/mcuxpressoide_10.3.1_2233/ide/plugins/com.nxp.mcuxpresso.tools.win32_10.3.0.201811011841/tools/bin/../lib/gcc/arm-none-eabi/7.3.1/../../../../arm-none-eabi/lib/thumb/v6-m\libcr_c.a(fclose.o)
                0x000020bc                fclose
 .text.fflush   0x00002118       0x44 c:/nxp/mcuxpressoide_10.3.1_2233/ide/plugins/com.nxp.mcuxpresso.tools.win32_10.3.0.201811011841/tools/bin/../lib/gcc/arm-none-eabi/7.3.1/../../../../arm-none-eabi/lib/thumb/v6-m\libcr_c.a(fflush.o)
                0x00002118                fflush
 .text.fseek    0x0000215c       0xf0 c:/nxp/mcuxpressoide_10.3.1_2233/ide/plugins/com.nxp.mcuxpresso.tools.win32_10.3.0.201811011841/tools/bin/../lib/gcc/arm-none-eabi/7.3.1/../../../../arm-none-eabi/lib/thumb/v6-m\libcr_c.a(fseek.o)
                0x0000215c                fseek
 .text.ftell    0x0000224c       0x48 c:/nxp/mcuxpressoide_10.3.1_2233/ide/plugins/com.nxp.mcuxpresso.tools.win32_10.3.0.201811011841/tools/bin/../lib/gcc/arm-none-eabi/7.3.1/../../../../arm-none-eabi/lib/thumb/v6-m\libcr_c.a(ftell.o)
                0x0000224c                ftell
 .text._do_fflush
                0x00002294       0x44 c:/nxp/mcuxpressoide_10.3.1_2233/ide/plugins/com.nxp.mcuxpresso.tools.win32_10.3.0.201811011841/tools/bin/../lib/gcc/arm-none-eabi/7.3.1/../../../../arm-none-eabi/lib/thumb/v6-m\libcr_c.a(_do_fflush.o)
                0x00002294                _do_fflush
 .text._fflush  0x000022d8       0x5c c:/nxp/mcuxpressoide_10.3.1_2233/ide/plugins/com.nxp.mcuxpresso.tools.win32_10.3.0.201811011841/tools/bin/../lib/gcc/arm-none-eabi/7.3.1/../../../../arm-none-eabi/lib/thumb/v6-m\libcr_c.a(_fflush.o)
                0x000022d8                _fflush
 .text._Cwritebuf
                0x00002334       0x68 c:/nxp/mcuxpressoide_10.3.1_2233/ide/plugins/com.nxp.mcuxpresso.tools.win32_10.3.0.201811011841/tools/bin/../lib/gcc/arm-none-eabi/7.3.1/../../../../arm-none-eabi/lib/thumb/v6-m\libcr_c.a(_writebuf.o)
                0x00002334                _Cwritebuf
 .text._deferredlazyseek
                0x0000239c       0x40 c:/nxp/mcuxpressoide_10.3.1_2233/ide/plugins/com.nxp.mcuxpresso.tools.win32_10.3.0.201811011841/tools/bin/../lib/gcc/arm-none-eabi/7.3.1/../../../../arm-none-eabi/lib/thumb/v6-m\libcr_c.a(_deferredlazyseek.o)
                0x0000239c                _deferredlazyseek
 .text.__main   0x000023dc        0xc c:/nxp/mcuxpressoide_10.3.1_2233/ide/plugins/com.nxp.mcuxpresso.tools.win32_10.3.0.201811011841/tools/bin/../lib/gcc/arm-none-eabi/7.3.1/../../../../arm-none-eabi/lib/thumb/v6-m\libcr_nohost_nf.a(_cr__main.o)
                0x000023dc                __main
 .text.memset   0x000023e8        0x8 c:/nxp/mcuxpressoide_10.3.1_2233/ide/plugins/com.nxp.mcuxpresso.tools.win32_10.3.0.201811011841/tools/bin/../lib/gcc/arm-none-eabi/7.3.1/../../../../arm-none-eabi/lib/thumb/v6-m\libcr_c.a(memset.o)
                0x000023e8                memset
 .text.remove   0x000023f0       0x12 c:/nxp/mcuxpressoide_10.3.1_2233/ide/plugins/com.nxp.mcuxpresso.tools.win32_10.3.0.201811011841/tools/bin/../lib/gcc/arm-none-eabi/7.3.1/../../../../arm-none-eabi/lib/thumb/v6-m\libcr_c.a(remove.o)
                0x000023f0                remove
 .text.free     0x00002402       0x2c c:/nxp/mcuxpressoide_10.3.1_2233/ide/plugins/com.nxp.mcuxpresso.tools.win32_10.3.0.201811011841/tools/bin/../lib/gcc/arm-none-eabi/7.3.1/../../../../arm-none-eabi/lib/thumb/v6-m\libcr_c.a(alloc.o)
                0x00002402                free
 .text.__aeabi_memset_lowlevel
                0x0000242e       0x2a c:/nxp/mcuxpressoide_10.3.1_2233/ide/plugins/com.nxp.mcuxpresso.tools.win32_10.3.0.201811011841/tools/bin/../lib/gcc/arm-none-eabi/7.3.1/thumb/v6-m\libcr_eabihelpers.a(memcpy.o)
                0x0000242e                __aeabi_lowlevel_memset
 .text.__sys_close
                0x00002458        0x6 c:/nxp/mcuxpressoide_10.3.1_2233/ide/plugins/com.nxp.mcuxpresso.tools.win32_10.3.0.201811011841/tools/bin/../lib/gcc/arm-none-eabi/7.3.1/../../../../arm-none-eabi/lib/thumb/v6-m\libcr_nohost_nf.a(__sys_close.o)
                0x00002458                __sys_close
 .text.__sys_flen
                0x0000245e        0x6 c:/nxp/mcuxpressoide_10.3.1_2233/ide/plugins/com.nxp.mcuxpresso.tools.win32_10.3.0.201811011841/tools/bin/../lib/gcc/arm-none-eabi/7.3.1/../../../../arm-none-eabi/lib/thumb/v6-m\libcr_nohost_nf.a(__sys_flen.o)
                0x0000245e                __sys_flen
 .text.__sys_istty
                0x00002464        0x6 c:/nxp/mcuxpressoide_10.3.1_2233/ide/plugins/com.nxp.mcuxpresso.tools.win32_10.3.0.201811011841/tools/bin/../lib/gcc/arm-none-eabi/7.3.1/../../../../arm-none-eabi/lib/thumb/v6-m\libcr_nohost_nf.a(__sys_istty.o)
                0x00002464                __sys_istty
 .text.__sys_remove
                0x0000246a        0x6 c:/nxp/mcuxpressoide_10.3.1_2233/ide/plugins/com.nxp.mcuxpresso.tools.win32_10.3.0.201811011841/tools/bin/../lib/gcc/arm-none-eabi/7.3.1/../../../../arm-none-eabi/lib/thumb/v6-m\libcr_nohost_nf.a(__sys_remove.o)
                0x0000246a                __sys_remove
 .text.__sys_seek
                0x00002470        0x6 c:/nxp/mcuxpressoide_10.3.1_2233/ide/plugins/com.nxp.mcuxpresso.tools.win32_10.3.0.201811011841/tools/bin/../lib/gcc/arm-none-eabi/7.3.1/../../../../arm-none-eabi/lib/thumb/v6-m\libcr_nohost_nf.a(__sys_seek.o)
                0x00002470                __sys_seek
 .text.__sys_tmpnam
                0x00002476        0x6 c:/nxp/mcuxpressoide_10.3.1_2233/ide/plugins/com.nxp.mcuxpresso.tools.win32_10.3.0.201811011841/tools/bin/../lib/gcc/arm-none-eabi/7.3.1/../../../../arm-none-eabi/lib/thumb/v6-m\libcr_nohost_nf.a(__sys_tmpnam.o)
                0x00002476                __sys_tmpnam
 .text.__sys_write
                0x0000247c        0x4 c:/nxp/mcuxpressoide_10.3.1_2233/ide/plugins/com.nxp.mcuxpresso.tools.win32_10.3.0.201811011841/tools/bin/../lib/gcc/arm-none-eabi/7.3.1/../../../../arm-none-eabi/lib/thumb/v6-m\libcr_nohost_nf.a(__sys_write.o)
                0x0000247c                __sys_write
 *(SORT_BY_ALIGNMENT(.rodata) SORT_BY_ALIGNMENT(.rodata.*) SORT_BY_ALIGNMENT(.constdata) SORT_BY_ALIGNMENT(.constdata.*))
 .rodata        0x00002480       0x4b ./source/UART0_Driver.o
 *fill*         0x000024cb        0x1 ff
 .rodata.__num_Ciob_streams
                0x000024cc        0x4 c:/nxp/mcuxpressoide_10.3.1_2233/ide/plugins/com.nxp.mcuxpresso.tools.win32_10.3.0.201811011841/tools/bin/../lib/gcc/arm-none-eabi/7.3.1/../../../../arm-none-eabi/lib/thumb/v6-m\libcr_nohost_nf.a(__ciob.o)
                0x000024cc                __num_Ciob_streams
 .rodata._initio.str1.1
                0x000024d0        0x4 c:/nxp/mcuxpressoide_10.3.1_2233/ide/plugins/com.nxp.mcuxpresso.tools.win32_10.3.0.201811011841/tools/bin/../lib/gcc/arm-none-eabi/7.3.1/../../../../arm-none-eabi/lib/thumb/v6-m\libcr_c.a(initio.o)
                0x000024d4                . = ALIGN (0x4)

.glue_7         0x000024d4        0x0
 .glue_7        0x000024d4        0x0 linker stubs

.glue_7t        0x000024d4        0x0
 .glue_7t       0x000024d4        0x0 linker stubs

.vfp11_veneer   0x000024d4        0x0
 .vfp11_veneer  0x000024d4        0x0 linker stubs

.v4_bx          0x000024d4        0x0
 .v4_bx         0x000024d4        0x0 linker stubs

.iplt           0x000024d4        0x0
 .iplt          0x000024d4        0x0 ./startup/startup_mkl25z4.o

.rel.dyn        0x000024d4        0x0
 .rel.iplt      0x000024d4        0x0 ./startup/startup_mkl25z4.o

.ARM.extab
 *(SORT_BY_ALIGNMENT(.ARM.extab*) SORT_BY_ALIGNMENT(.gnu.linkonce.armextab.*))
                0x000024d4                __exidx_start = .

.ARM.exidx
 *(SORT_BY_ALIGNMENT(.ARM.exidx*) SORT_BY_ALIGNMENT(.gnu.linkonce.armexidx.*))
                0x000024d4                __exidx_end = .
                0x000024d4                _etext = .

.m_usb_data
 *(SORT_BY_ALIGNMENT(m_usb_bdt))

.mtb_buffer_default
 *(SORT_BY_ALIGNMENT(.mtb*))

.uninit_RESERVED
                0x1ffff000        0x0
 *(SORT_BY_ALIGNMENT(.bss.$RESERVED*))
                0x1ffff000                . = ALIGN (0x4)
                0x1ffff000                _end_uninit_RESERVED = .

.data           0x1ffff000        0x8 load address 0x000024d4
 FILL mask 0xff
                0x1ffff000                _data = .
 *(SORT_BY_ALIGNMENT(vtable))
 *(SORT_BY_ALIGNMENT(.ramfunc*))
 *(SORT_BY_ALIGNMENT(.data*))
 .data.x        0x1ffff000        0x2 ./source/GPIO_Driver.o
 .data.States   0x1ffff002        0x1 ./source/Carrito.o
                0x1ffff002                States
 .data.FirstDisplayEstado
                0x1ffff003        0x1 ./source/Tacometer.o
                0x1ffff003                FirstDisplayEstado
 .data.SecondDisplay
                0x1ffff004        0x1 ./source/Tacometer.o
                0x1ffff004                SecondDisplay
 .data.ThirdDisplay
                0x1ffff005        0x1 ./source/Tacometer.o
                0x1ffff005                ThirdDisplay
 .data.speed    0x1ffff006        0x1 ./source/Transmision.o
                0x1ffff006                speed
 .data.VARup    0x1ffff007        0x1 ./source/Transmision.o
                0x1ffff007                VARup
                0x1ffff008                . = ALIGN (0x4)
                0x1ffff008                _edata = .

.igot.plt       0x1ffff008        0x0 load address 0x000024dc
 .igot.plt      0x1ffff008        0x0 ./startup/startup_mkl25z4.o

.bss            0x1ffff008      0x10c load address 0x000024dc
                0x1ffff008                _bss = .
 *(SORT_BY_ALIGNMENT(.bss*))
 .bss.BottomsData
                0x1ffff008       0x23 ./source/Debouncer.o
                0x1ffff008                BottomsData
 *fill*         0x1ffff02b        0x1 
 .bss.GobernarVel
                0x1ffff02c        0x3 ./source/UART0_Driver.o
 *fill*         0x1ffff02f        0x1 
 .bss.s_lpsciHandle
                0x1ffff030        0x4 ./drivers/fsl_lpsci.o
 .bss.s_lpsciIsr
                0x1ffff034        0x4 ./drivers/fsl_lpsci.o
 .bss.s_uartHandle
                0x1ffff038        0xc ./drivers/fsl_uart.o
 .bss.s_uartIsr
                0x1ffff044        0x4 ./drivers/fsl_uart.o
 .bss.errno     0x1ffff048        0x4 c:/nxp/mcuxpressoide_10.3.1_2233/ide/plugins/com.nxp.mcuxpresso.tools.win32_10.3.0.201811011841/tools/bin/../lib/gcc/arm-none-eabi/7.3.1/../../../../arm-none-eabi/lib/thumb/v6-m\libcr_c.a(errno.o)
                0x1ffff048                errno
 .bss.__Ciob    0x1ffff04c       0xb4 c:/nxp/mcuxpressoide_10.3.1_2233/ide/plugins/com.nxp.mcuxpresso.tools.win32_10.3.0.201811011841/tools/bin/../lib/gcc/arm-none-eabi/7.3.1/../../../../arm-none-eabi/lib/thumb/v6-m\libcr_nohost_nf.a(__ciob.o)
                0x1ffff04c                __Ciob
 .bss.Segundos  0x1ffff100        0x2 ./source/Carrito.o
                0x1ffff100                Segundos
 .bss.Segundos1
                0x1ffff102        0x2 ./source/Carrito.o
                0x1ffff102                Segundos1
 .bss.mul       0x1ffff104        0x2 ./source/Transmision.o
                0x1ffff104                mul
 .bss.Unidades  0x1ffff106        0x1 ./source/Tacometer.o
                0x1ffff106                Unidades
 .bss.Decenas   0x1ffff107        0x1 ./source/Tacometer.o
                0x1ffff107                Decenas
 .bss.Centenas  0x1ffff108        0x1 ./source/Tacometer.o
                0x1ffff108                Centenas
 .bss.FourthDsiplay
                0x1ffff109        0x1 ./source/Tacometer.o
                0x1ffff109                FourthDsiplay
 .bss.Barrido.4587
                0x1ffff10a        0x1 ./source/Tacometer.o
 .bss.SpeedTacometroyPWM1
                0x1ffff10b        0x1 ./source/Transmision.o
                0x1ffff10b                SpeedTacometroyPWM1
 .bss.Gobernar  0x1ffff10c        0x1 ./source/UART0_Driver.o
 .bss.Gobernar1
                0x1ffff10d        0x1 ./source/UART0_Driver.o
 .bss.index1    0x1ffff10e        0x1 ./source/UART0_Driver.o
                0x1ffff10e                index1
 .bss.x         0x1ffff10f        0x1 ./source/UART0_Driver.o
                0x1ffff10f                x
 .bss.y         0x1ffff110        0x1 ./source/UART0_Driver.o
                0x1ffff110                y
 .bss.PrimerNum
                0x1ffff111        0x1 ./source/UART0_Driver.o
                0x1ffff111                PrimerNum
 *(SORT_BY_ALIGNMENT(COMMON))
                0x1ffff114                . = ALIGN (0x4)
 *fill*         0x1ffff112        0x2 
                0x1ffff114                _ebss = .
                [!provide]                PROVIDE (end = .)

.noinit         0x1ffff114        0x0 load address 0x000024dc
                0x1ffff114                _noinit = .
 *(SORT_BY_ALIGNMENT(.noinit*))
                0x1ffff114                . = ALIGN (0x4)
                0x1ffff114                _end_noinit = .
                0x00000400                _HeapSize = 0x400

.heap           0x1ffff114      0x400 load address 0x000024dc
                0x1ffff114                _pvHeapStart = .
                0x1ffff514                . = (. + _HeapSize)
 *fill*         0x1ffff114      0x400 
                0x1ffff514                . = ALIGN (0x4)
                0x1ffff514                _pvHeapLimit = .
                0x00000400                _StackSize = 0x400

.heap2stackfill
                0x1ffff514      0x400 load address 0x000024dc
                0x1ffff914                . = (. + _StackSize)
 *fill*         0x1ffff514      0x400 

.stack          0x20002c00        0x0
                0x20002c00                _vStackBase = .
                0x20002c00                . = ALIGN (0x4)
                0x20003000                _vStackTop = (. + _StackSize)
                0x00000000                _image_start = LOADADDR (.text)
                0x000024dc                _image_end = (LOADADDR (.data) + SIZEOF (.data))
                0x000024dc                _image_size = (_image_end - _image_start)
OUTPUT(Practica3_Prueba.axf elf32-littlearm)

.debug_info     0x00000000     0x491a
 .debug_info    0x00000000      0x49b ./startup/startup_mkl25z4.o
 .debug_info    0x0000049b      0x1b9 ./source/Carrito.o
 .debug_info    0x00000654      0x4a7 ./source/Debouncer.o
 .debug_info    0x00000afb      0x521 ./source/GPIO_Driver.o
 .debug_info    0x0000101c      0x449 ./source/PWM_Driver.o
 .debug_info    0x00001465      0x198 ./source/Tacometer.o
 .debug_info    0x000015fd      0x2e4 ./source/Transmision.o
 .debug_info    0x000018e1      0x579 ./source/UART0_Driver.o
 .debug_info    0x00001e5a     0x138c ./drivers/fsl_lpsci.o
 .debug_info    0x000031e6     0x1336 ./drivers/fsl_uart.o
 .debug_info    0x0000451c      0x3fe ./CMSIS/system_MKL25Z4.o

.debug_abbrev   0x00000000     0x118e
 .debug_abbrev  0x00000000      0x16d ./startup/startup_mkl25z4.o
 .debug_abbrev  0x0000016d       0xe6 ./source/Carrito.o
 .debug_abbrev  0x00000253      0x1bb ./source/Debouncer.o
 .debug_abbrev  0x0000040e      0x1a5 ./source/GPIO_Driver.o
 .debug_abbrev  0x000005b3      0x12f ./source/PWM_Driver.o
 .debug_abbrev  0x000006e2       0xcc ./source/Tacometer.o
 .debug_abbrev  0x000007ae      0x160 ./source/Transmision.o
 .debug_abbrev  0x0000090e      0x192 ./source/UART0_Driver.o
 .debug_abbrev  0x00000aa0      0x2cd ./drivers/fsl_lpsci.o
 .debug_abbrev  0x00000d6d      0x2e5 ./drivers/fsl_uart.o
 .debug_abbrev  0x00001052      0x13c ./CMSIS/system_MKL25Z4.o

.debug_aranges  0x00000000      0x5b8
 .debug_aranges
                0x00000000      0x160 ./startup/startup_mkl25z4.o
 .debug_aranges
                0x00000160       0x38 ./source/Carrito.o
 .debug_aranges
                0x00000198       0x40 ./source/Debouncer.o
 .debug_aranges
                0x000001d8       0x50 ./source/GPIO_Driver.o
 .debug_aranges
                0x00000228       0x28 ./source/PWM_Driver.o
 .debug_aranges
                0x00000250       0x30 ./source/Tacometer.o
 .debug_aranges
                0x00000280       0x88 ./source/Transmision.o
 .debug_aranges
                0x00000308       0x40 ./source/UART0_Driver.o
 .debug_aranges
                0x00000348      0x118 ./drivers/fsl_lpsci.o
 .debug_aranges
                0x00000460      0x130 ./drivers/fsl_uart.o
 .debug_aranges
                0x00000590       0x28 ./CMSIS/system_MKL25Z4.o

.debug_ranges   0x00000000      0x508
 .debug_ranges  0x00000000      0x150 ./startup/startup_mkl25z4.o
 .debug_ranges  0x00000150       0x28 ./source/Carrito.o
 .debug_ranges  0x00000178       0x30 ./source/Debouncer.o
 .debug_ranges  0x000001a8       0x40 ./source/GPIO_Driver.o
 .debug_ranges  0x000001e8       0x18 ./source/PWM_Driver.o
 .debug_ranges  0x00000200       0x20 ./source/Tacometer.o
 .debug_ranges  0x00000220       0x78 ./source/Transmision.o
 .debug_ranges  0x00000298       0x30 ./source/UART0_Driver.o
 .debug_ranges  0x000002c8      0x108 ./drivers/fsl_lpsci.o
 .debug_ranges  0x000003d0      0x120 ./drivers/fsl_uart.o
 .debug_ranges  0x000004f0       0x18 ./CMSIS/system_MKL25Z4.o

.debug_macro    0x00000000      0x81b
 .debug_macro   0x00000000       0x29 ./startup/startup_mkl25z4.o
 .debug_macro   0x00000029       0xc2 ./source/Carrito.o
 .debug_macro   0x000000eb       0x34 ./source/Carrito.o
 .debug_macro   0x0000011f       0x10 ./source/Carrito.o
 .debug_macro   0x0000012f       0x64 ./source/Carrito.o
 .debug_macro   0x00000193       0xa4 ./source/Debouncer.o
 .debug_macro   0x00000237       0xb8 ./source/GPIO_Driver.o
 .debug_macro   0x000002ef       0x9b ./source/PWM_Driver.o
 .debug_macro   0x0000038a       0x9b ./source/Tacometer.o
 .debug_macro   0x00000425       0xc2 ./source/Transmision.o
 .debug_macro   0x000004e7       0xc2 ./source/UART0_Driver.o
 .debug_macro   0x000005a9       0xec ./drivers/fsl_lpsci.o
 .debug_macro   0x00000695       0xf2 ./drivers/fsl_uart.o
 .debug_macro   0x00000787       0x94 ./CMSIS/system_MKL25Z4.o

.debug_line     0x00000000     0x2833
 .debug_line    0x00000000      0x128 ./startup/startup_mkl25z4.o
 .debug_line    0x00000128      0x2ae ./source/Carrito.o
 .debug_line    0x000003d6      0x277 ./source/Debouncer.o
 .debug_line    0x0000064d      0x384 ./source/GPIO_Driver.o
 .debug_line    0x000009d1      0x21d ./source/PWM_Driver.o
 .debug_line    0x00000bee      0x26d ./source/Tacometer.o
 .debug_line    0x00000e5b      0x46b ./source/Transmision.o
 .debug_line    0x000012c6      0x3e0 ./source/UART0_Driver.o
 .debug_line    0x000016a6      0x795 ./drivers/fsl_lpsci.o
 .debug_line    0x00001e3b      0x798 ./drivers/fsl_uart.o
 .debug_line    0x000025d3      0x260 ./CMSIS/system_MKL25Z4.o

.debug_str      0x00000000    0x32ac1
 .debug_str     0x00000000     0x30ee ./startup/startup_mkl25z4.o
                               0x3123 (size before relaxing)
 .debug_str     0x000030ee    0x25fa4 ./source/Carrito.o
                              0x28e9f (size before relaxing)
 .debug_str     0x00029092      0x198 ./source/Debouncer.o
                              0x28f81 (size before relaxing)
 .debug_str     0x0002922a       0xf4 ./source/GPIO_Driver.o
                              0x28fef (size before relaxing)
 .debug_str     0x0002931e       0x52 ./source/PWM_Driver.o
                              0x28e11 (size before relaxing)
 .debug_str     0x00029370       0xa6 ./source/Tacometer.o
                              0x28e41 (size before relaxing)
 .debug_str     0x00029416       0xf1 ./source/Transmision.o
                              0x28f4b (size before relaxing)
 .debug_str     0x00029507       0xcc ./source/UART0_Driver.o
                              0x28fa7 (size before relaxing)
 .debug_str     0x000295d3     0x8b4d ./drivers/fsl_lpsci.o
                              0x31832 (size before relaxing)
 .debug_str     0x00032120      0x93d ./drivers/fsl_uart.o
                              0x31855 (size before relaxing)
 .debug_str     0x00032a5d       0x64 ./CMSIS/system_MKL25Z4.o
                              0x2fb94 (size before relaxing)

.comment        0x00000000       0x7f
 .comment       0x00000000       0x7f ./startup/startup_mkl25z4.o
                                 0x80 (size before relaxing)
 .comment       0x0000007f       0x80 ./source/Carrito.o
 .comment       0x0000007f       0x80 ./source/Debouncer.o
 .comment       0x0000007f       0x80 ./source/GPIO_Driver.o
 .comment       0x0000007f       0x80 ./source/PWM_Driver.o
 .comment       0x0000007f       0x80 ./source/Tacometer.o
 .comment       0x0000007f       0x80 ./source/Transmision.o
 .comment       0x0000007f       0x80 ./source/UART0_Driver.o
 .comment       0x0000007f       0x80 ./drivers/fsl_lpsci.o
 .comment       0x0000007f       0x80 ./drivers/fsl_uart.o
 .comment       0x0000007f       0x80 ./CMSIS/system_MKL25Z4.o
 .comment       0x0000007f       0x80 c:/nxp/mcuxpressoide_10.3.1_2233/ide/plugins/com.nxp.mcuxpresso.tools.win32_10.3.0.201811011841/tools/bin/../lib/gcc/arm-none-eabi/7.3.1/../../../../arm-none-eabi/lib/thumb/v6-m\libcr_nohost_nf.a(_cr__main.o)
 .comment       0x0000007f       0x80 c:/nxp/mcuxpressoide_10.3.1_2233/ide/plugins/com.nxp.mcuxpresso.tools.win32_10.3.0.201811011841/tools/bin/../lib/gcc/arm-none-eabi/7.3.1/../../../../arm-none-eabi/lib/thumb/v6-m\libcr_c.a(memset.o)
 .comment       0x0000007f       0x80 c:/nxp/mcuxpressoide_10.3.1_2233/ide/plugins/com.nxp.mcuxpresso.tools.win32_10.3.0.201811011841/tools/bin/../lib/gcc/arm-none-eabi/7.3.1/../../../../arm-none-eabi/lib/thumb/v6-m\libcr_c.a(initio.o)
 .comment       0x0000007f       0x80 c:/nxp/mcuxpressoide_10.3.1_2233/ide/plugins/com.nxp.mcuxpresso.tools.win32_10.3.0.201811011841/tools/bin/../lib/gcc/arm-none-eabi/7.3.1/../../../../arm-none-eabi/lib/thumb/v6-m\libcr_c.a(setvbuf.o)
 .comment       0x0000007f       0x80 c:/nxp/mcuxpressoide_10.3.1_2233/ide/plugins/com.nxp.mcuxpresso.tools.win32_10.3.0.201811011841/tools/bin/../lib/gcc/arm-none-eabi/7.3.1/../../../../arm-none-eabi/lib/thumb/v6-m\libcr_c.a(strlen.o)
 .comment       0x0000007f       0x80 c:/nxp/mcuxpressoide_10.3.1_2233/ide/plugins/com.nxp.mcuxpresso.tools.win32_10.3.0.201811011841/tools/bin/../lib/gcc/arm-none-eabi/7.3.1/../../../../arm-none-eabi/lib/thumb/v6-m\libcr_c.a(_fdopen.o)
 .comment       0x0000007f       0x80 c:/nxp/mcuxpressoide_10.3.1_2233/ide/plugins/com.nxp.mcuxpresso.tools.win32_10.3.0.201811011841/tools/bin/../lib/gcc/arm-none-eabi/7.3.1/../../../../arm-none-eabi/lib/thumb/v6-m\libcr_c.a(fclose.o)
 .comment       0x0000007f       0x80 c:/nxp/mcuxpressoide_10.3.1_2233/ide/plugins/com.nxp.mcuxpresso.tools.win32_10.3.0.201811011841/tools/bin/../lib/gcc/arm-none-eabi/7.3.1/../../../../arm-none-eabi/lib/thumb/v6-m\libcr_c.a(fflush.o)
 .comment       0x0000007f       0x80 c:/nxp/mcuxpressoide_10.3.1_2233/ide/plugins/com.nxp.mcuxpresso.tools.win32_10.3.0.201811011841/tools/bin/../lib/gcc/arm-none-eabi/7.3.1/../../../../arm-none-eabi/lib/thumb/v6-m\libcr_c.a(fseek.o)
 .comment       0x0000007f       0x80 c:/nxp/mcuxpressoide_10.3.1_2233/ide/plugins/com.nxp.mcuxpresso.tools.win32_10.3.0.201811011841/tools/bin/../lib/gcc/arm-none-eabi/7.3.1/../../../../arm-none-eabi/lib/thumb/v6-m\libcr_c.a(ftell.o)
 .comment       0x0000007f       0x80 c:/nxp/mcuxpressoide_10.3.1_2233/ide/plugins/com.nxp.mcuxpresso.tools.win32_10.3.0.201811011841/tools/bin/../lib/gcc/arm-none-eabi/7.3.1/../../../../arm-none-eabi/lib/thumb/v6-m\libcr_c.a(remove.o)
 .comment       0x0000007f       0x80 c:/nxp/mcuxpressoide_10.3.1_2233/ide/plugins/com.nxp.mcuxpresso.tools.win32_10.3.0.201811011841/tools/bin/../lib/gcc/arm-none-eabi/7.3.1/../../../../arm-none-eabi/lib/thumb/v6-m\libcr_c.a(_do_fflush.o)
 .comment       0x0000007f       0x80 c:/nxp/mcuxpressoide_10.3.1_2233/ide/plugins/com.nxp.mcuxpresso.tools.win32_10.3.0.201811011841/tools/bin/../lib/gcc/arm-none-eabi/7.3.1/../../../../arm-none-eabi/lib/thumb/v6-m\libcr_c.a(_fflush.o)
 .comment       0x0000007f       0x80 c:/nxp/mcuxpressoide_10.3.1_2233/ide/plugins/com.nxp.mcuxpresso.tools.win32_10.3.0.201811011841/tools/bin/../lib/gcc/arm-none-eabi/7.3.1/../../../../arm-none-eabi/lib/thumb/v6-m\libcr_c.a(_writebuf.o)
 .comment       0x0000007f       0x80 c:/nxp/mcuxpressoide_10.3.1_2233/ide/plugins/com.nxp.mcuxpresso.tools.win32_10.3.0.201811011841/tools/bin/../lib/gcc/arm-none-eabi/7.3.1/../../../../arm-none-eabi/lib/thumb/v6-m\libcr_c.a(alloc.o)
 .comment       0x0000007f       0x80 c:/nxp/mcuxpressoide_10.3.1_2233/ide/plugins/com.nxp.mcuxpresso.tools.win32_10.3.0.201811011841/tools/bin/../lib/gcc/arm-none-eabi/7.3.1/../../../../arm-none-eabi/lib/thumb/v6-m\libcr_c.a(errno.o)
 .comment       0x0000007f       0x80 c:/nxp/mcuxpressoide_10.3.1_2233/ide/plugins/com.nxp.mcuxpresso.tools.win32_10.3.0.201811011841/tools/bin/../lib/gcc/arm-none-eabi/7.3.1/../../../../arm-none-eabi/lib/thumb/v6-m\libcr_c.a(_deferredlazyseek.o)
 .comment       0x0000007f       0x80 c:/nxp/mcuxpressoide_10.3.1_2233/ide/plugins/com.nxp.mcuxpresso.tools.win32_10.3.0.201811011841/tools/bin/../lib/gcc/arm-none-eabi/7.3.1/../../../../arm-none-eabi/lib/thumb/v6-m\libcr_nohost_nf.a(__ciob.o)
 .comment       0x0000007f       0x80 c:/nxp/mcuxpressoide_10.3.1_2233/ide/plugins/com.nxp.mcuxpresso.tools.win32_10.3.0.201811011841/tools/bin/../lib/gcc/arm-none-eabi/7.3.1/../../../../arm-none-eabi/lib/thumb/v6-m\libcr_nohost_nf.a(__sys_close.o)
 .comment       0x0000007f       0x80 c:/nxp/mcuxpressoide_10.3.1_2233/ide/plugins/com.nxp.mcuxpresso.tools.win32_10.3.0.201811011841/tools/bin/../lib/gcc/arm-none-eabi/7.3.1/../../../../arm-none-eabi/lib/thumb/v6-m\libcr_nohost_nf.a(__sys_flen.o)
 .comment       0x0000007f       0x80 c:/nxp/mcuxpressoide_10.3.1_2233/ide/plugins/com.nxp.mcuxpresso.tools.win32_10.3.0.201811011841/tools/bin/../lib/gcc/arm-none-eabi/7.3.1/../../../../arm-none-eabi/lib/thumb/v6-m\libcr_nohost_nf.a(__sys_istty.o)
 .comment       0x0000007f       0x80 c:/nxp/mcuxpressoide_10.3.1_2233/ide/plugins/com.nxp.mcuxpresso.tools.win32_10.3.0.201811011841/tools/bin/../lib/gcc/arm-none-eabi/7.3.1/../../../../arm-none-eabi/lib/thumb/v6-m\libcr_nohost_nf.a(__sys_remove.o)
 .comment       0x0000007f       0x80 c:/nxp/mcuxpressoide_10.3.1_2233/ide/plugins/com.nxp.mcuxpresso.tools.win32_10.3.0.201811011841/tools/bin/../lib/gcc/arm-none-eabi/7.3.1/../../../../arm-none-eabi/lib/thumb/v6-m\libcr_nohost_nf.a(__sys_seek.o)
 .comment       0x0000007f       0x80 c:/nxp/mcuxpressoide_10.3.1_2233/ide/plugins/com.nxp.mcuxpresso.tools.win32_10.3.0.201811011841/tools/bin/../lib/gcc/arm-none-eabi/7.3.1/../../../../arm-none-eabi/lib/thumb/v6-m\libcr_nohost_nf.a(__sys_tmpnam.o)
 .comment       0x0000007f       0x80 c:/nxp/mcuxpressoide_10.3.1_2233/ide/plugins/com.nxp.mcuxpresso.tools.win32_10.3.0.201811011841/tools/bin/../lib/gcc/arm-none-eabi/7.3.1/../../../../arm-none-eabi/lib/thumb/v6-m\libcr_nohost_nf.a(__sys_write.o)

.ARM.attributes
                0x00000000       0x30
 .ARM.attributes
                0x00000000       0x32 ./startup/startup_mkl25z4.o
 .ARM.attributes
                0x00000032       0x32 ./source/Carrito.o
 .ARM.attributes
                0x00000064       0x32 ./source/Debouncer.o
 .ARM.attributes
                0x00000096       0x32 ./source/GPIO_Driver.o
 .ARM.attributes
                0x000000c8       0x32 ./source/PWM_Driver.o
 .ARM.attributes
                0x000000fa       0x32 ./source/Tacometer.o
 .ARM.attributes
                0x0000012c       0x32 ./source/Transmision.o
 .ARM.attributes
                0x0000015e       0x32 ./source/UART0_Driver.o
 .ARM.attributes
                0x00000190       0x32 ./drivers/fsl_lpsci.o
 .ARM.attributes
                0x000001c2       0x32 ./drivers/fsl_uart.o
 .ARM.attributes
                0x000001f4       0x32 ./CMSIS/system_MKL25Z4.o
 .ARM.attributes
                0x00000226       0x31 c:/nxp/mcuxpressoide_10.3.1_2233/ide/plugins/com.nxp.mcuxpresso.tools.win32_10.3.0.201811011841/tools/bin/../lib/gcc/arm-none-eabi/7.3.1/../../../../arm-none-eabi/lib/thumb/v6-m\libcr_nohost_nf.a(_cr__main.o)
 .ARM.attributes
                0x00000257       0x31 c:/nxp/mcuxpressoide_10.3.1_2233/ide/plugins/com.nxp.mcuxpresso.tools.win32_10.3.0.201811011841/tools/bin/../lib/gcc/arm-none-eabi/7.3.1/../../../../arm-none-eabi/lib/thumb/v6-m\libcr_c.a(memset.o)
 .ARM.attributes
                0x00000288       0x31 c:/nxp/mcuxpressoide_10.3.1_2233/ide/plugins/com.nxp.mcuxpresso.tools.win32_10.3.0.201811011841/tools/bin/../lib/gcc/arm-none-eabi/7.3.1/../../../../arm-none-eabi/lib/thumb/v6-m\libcr_c.a(initio.o)
 .ARM.attributes
                0x000002b9       0x31 c:/nxp/mcuxpressoide_10.3.1_2233/ide/plugins/com.nxp.mcuxpresso.tools.win32_10.3.0.201811011841/tools/bin/../lib/gcc/arm-none-eabi/7.3.1/../../../../arm-none-eabi/lib/thumb/v6-m\libcr_c.a(setvbuf.o)
 .ARM.attributes
                0x000002ea       0x31 c:/nxp/mcuxpressoide_10.3.1_2233/ide/plugins/com.nxp.mcuxpresso.tools.win32_10.3.0.201811011841/tools/bin/../lib/gcc/arm-none-eabi/7.3.1/../../../../arm-none-eabi/lib/thumb/v6-m\libcr_c.a(strlen.o)
 .ARM.attributes
                0x0000031b       0x31 c:/nxp/mcuxpressoide_10.3.1_2233/ide/plugins/com.nxp.mcuxpresso.tools.win32_10.3.0.201811011841/tools/bin/../lib/gcc/arm-none-eabi/7.3.1/../../../../arm-none-eabi/lib/thumb/v6-m\libcr_c.a(_fdopen.o)
 .ARM.attributes
                0x0000034c       0x31 c:/nxp/mcuxpressoide_10.3.1_2233/ide/plugins/com.nxp.mcuxpresso.tools.win32_10.3.0.201811011841/tools/bin/../lib/gcc/arm-none-eabi/7.3.1/../../../../arm-none-eabi/lib/thumb/v6-m\libcr_c.a(fclose.o)
 .ARM.attributes
                0x0000037d       0x31 c:/nxp/mcuxpressoide_10.3.1_2233/ide/plugins/com.nxp.mcuxpresso.tools.win32_10.3.0.201811011841/tools/bin/../lib/gcc/arm-none-eabi/7.3.1/../../../../arm-none-eabi/lib/thumb/v6-m\libcr_c.a(fflush.o)
 .ARM.attributes
                0x000003ae       0x31 c:/nxp/mcuxpressoide_10.3.1_2233/ide/plugins/com.nxp.mcuxpresso.tools.win32_10.3.0.201811011841/tools/bin/../lib/gcc/arm-none-eabi/7.3.1/../../../../arm-none-eabi/lib/thumb/v6-m\libcr_c.a(fseek.o)
 .ARM.attributes
                0x000003df       0x31 c:/nxp/mcuxpressoide_10.3.1_2233/ide/plugins/com.nxp.mcuxpresso.tools.win32_10.3.0.201811011841/tools/bin/../lib/gcc/arm-none-eabi/7.3.1/../../../../arm-none-eabi/lib/thumb/v6-m\libcr_c.a(ftell.o)
 .ARM.attributes
                0x00000410       0x31 c:/nxp/mcuxpressoide_10.3.1_2233/ide/plugins/com.nxp.mcuxpresso.tools.win32_10.3.0.201811011841/tools/bin/../lib/gcc/arm-none-eabi/7.3.1/../../../../arm-none-eabi/lib/thumb/v6-m\libcr_c.a(remove.o)
 .ARM.attributes
                0x00000441       0x31 c:/nxp/mcuxpressoide_10.3.1_2233/ide/plugins/com.nxp.mcuxpresso.tools.win32_10.3.0.201811011841/tools/bin/../lib/gcc/arm-none-eabi/7.3.1/../../../../arm-none-eabi/lib/thumb/v6-m\libcr_c.a(_do_fflush.o)
 .ARM.attributes
                0x00000472       0x31 c:/nxp/mcuxpressoide_10.3.1_2233/ide/plugins/com.nxp.mcuxpresso.tools.win32_10.3.0.201811011841/tools/bin/../lib/gcc/arm-none-eabi/7.3.1/../../../../arm-none-eabi/lib/thumb/v6-m\libcr_c.a(_fflush.o)
 .ARM.attributes
                0x000004a3       0x31 c:/nxp/mcuxpressoide_10.3.1_2233/ide/plugins/com.nxp.mcuxpresso.tools.win32_10.3.0.201811011841/tools/bin/../lib/gcc/arm-none-eabi/7.3.1/../../../../arm-none-eabi/lib/thumb/v6-m\libcr_c.a(_writebuf.o)
 .ARM.attributes
                0x000004d4       0x31 c:/nxp/mcuxpressoide_10.3.1_2233/ide/plugins/com.nxp.mcuxpresso.tools.win32_10.3.0.201811011841/tools/bin/../lib/gcc/arm-none-eabi/7.3.1/../../../../arm-none-eabi/lib/thumb/v6-m\libcr_c.a(alloc.o)
 .ARM.attributes
                0x00000505       0x31 c:/nxp/mcuxpressoide_10.3.1_2233/ide/plugins/com.nxp.mcuxpresso.tools.win32_10.3.0.201811011841/tools/bin/../lib/gcc/arm-none-eabi/7.3.1/../../../../arm-none-eabi/lib/thumb/v6-m\libcr_c.a(errno.o)
 .ARM.attributes
                0x00000536       0x31 c:/nxp/mcuxpressoide_10.3.1_2233/ide/plugins/com.nxp.mcuxpresso.tools.win32_10.3.0.201811011841/tools/bin/../lib/gcc/arm-none-eabi/7.3.1/../../../../arm-none-eabi/lib/thumb/v6-m\libcr_c.a(_deferredlazyseek.o)
 .ARM.attributes
                0x00000567       0x21 c:/nxp/mcuxpressoide_10.3.1_2233/ide/plugins/com.nxp.mcuxpresso.tools.win32_10.3.0.201811011841/tools/bin/../lib/gcc/arm-none-eabi/7.3.1/thumb/v6-m\libcr_eabihelpers.a(memcpy.o)
 .ARM.attributes
                0x00000588       0x31 c:/nxp/mcuxpressoide_10.3.1_2233/ide/plugins/com.nxp.mcuxpresso.tools.win32_10.3.0.201811011841/tools/bin/../lib/gcc/arm-none-eabi/7.3.1/../../../../arm-none-eabi/lib/thumb/v6-m\libcr_nohost_nf.a(__ciob.o)
 .ARM.attributes
                0x000005b9       0x31 c:/nxp/mcuxpressoide_10.3.1_2233/ide/plugins/com.nxp.mcuxpresso.tools.win32_10.3.0.201811011841/tools/bin/../lib/gcc/arm-none-eabi/7.3.1/../../../../arm-none-eabi/lib/thumb/v6-m\libcr_nohost_nf.a(__sys_close.o)
 .ARM.attributes
                0x000005ea       0x31 c:/nxp/mcuxpressoide_10.3.1_2233/ide/plugins/com.nxp.mcuxpresso.tools.win32_10.3.0.201811011841/tools/bin/../lib/gcc/arm-none-eabi/7.3.1/../../../../arm-none-eabi/lib/thumb/v6-m\libcr_nohost_nf.a(__sys_flen.o)
 .ARM.attributes
                0x0000061b       0x31 c:/nxp/mcuxpressoide_10.3.1_2233/ide/plugins/com.nxp.mcuxpresso.tools.win32_10.3.0.201811011841/tools/bin/../lib/gcc/arm-none-eabi/7.3.1/../../../../arm-none-eabi/lib/thumb/v6-m\libcr_nohost_nf.a(__sys_istty.o)
 .ARM.attributes
                0x0000064c       0x31 c:/nxp/mcuxpressoide_10.3.1_2233/ide/plugins/com.nxp.mcuxpresso.tools.win32_10.3.0.201811011841/tools/bin/../lib/gcc/arm-none-eabi/7.3.1/../../../../arm-none-eabi/lib/thumb/v6-m\libcr_nohost_nf.a(__sys_remove.o)
 .ARM.attributes
                0x0000067d       0x31 c:/nxp/mcuxpressoide_10.3.1_2233/ide/plugins/com.nxp.mcuxpresso.tools.win32_10.3.0.201811011841/tools/bin/../lib/gcc/arm-none-eabi/7.3.1/../../../../arm-none-eabi/lib/thumb/v6-m\libcr_nohost_nf.a(__sys_seek.o)
 .ARM.attributes
                0x000006ae       0x31 c:/nxp/mcuxpressoide_10.3.1_2233/ide/plugins/com.nxp.mcuxpresso.tools.win32_10.3.0.201811011841/tools/bin/../lib/gcc/arm-none-eabi/7.3.1/../../../../arm-none-eabi/lib/thumb/v6-m\libcr_nohost_nf.a(__sys_tmpnam.o)
 .ARM.attributes
                0x000006df       0x31 c:/nxp/mcuxpressoide_10.3.1_2233/ide/plugins/com.nxp.mcuxpresso.tools.win32_10.3.0.201811011841/tools/bin/../lib/gcc/arm-none-eabi/7.3.1/../../../../arm-none-eabi/lib/thumb/v6-m\libcr_nohost_nf.a(__sys_write.o)

.debug_frame    0x00000000     0x1188
 .debug_frame   0x00000000      0x3b0 ./startup/startup_mkl25z4.o
 .debug_frame   0x000003b0       0x80 ./source/Carrito.o
 .debug_frame   0x00000430       0xb0 ./source/Debouncer.o
 .debug_frame   0x000004e0       0xe4 ./source/GPIO_Driver.o
 .debug_frame   0x000005c4       0x4c ./source/PWM_Driver.o
 .debug_frame   0x00000610       0x64 ./source/Tacometer.o
 .debug_frame   0x00000674      0x1a4 ./source/Transmision.o
 .debug_frame   0x00000818       0xa4 ./source/UART0_Driver.o
 .debug_frame   0x000008bc      0x418 ./drivers/fsl_lpsci.o
 .debug_frame   0x00000cd4      0x468 ./drivers/fsl_uart.o
 .debug_frame   0x0000113c       0x4c ./CMSIS/system_MKL25Z4.o
